[debug] [2026-07-06T22:05:45.694Z] ----------------------------------------------------------------------
[debug] [2026-07-06T22:05:45.697Z] Command:       /Users/gabrielfornydesouzamuniz/.nvm/versions/node/v24.12.0/bin/node /Users/gabrielfornydesouzamuniz/.nvm/versions/node/v24.12.0/bin/firebase projects:list
[debug] [2026-07-06T22:05:45.698Z] CLI Version:   15.17.0
[debug] [2026-07-06T22:05:45.698Z] Platform:      darwin
[debug] [2026-07-06T22:05:45.698Z] Node Version:  v24.12.0
[debug] [2026-07-06T22:05:45.698Z] Time:          Mon Jul 06 2026 19:05:45 GMT-0300 (Brasilia Standard Time)
[debug] [2026-07-06T22:05:45.698Z] ----------------------------------------------------------------------
[debug] 
[debug] [2026-07-06T22:05:45.772Z] > command requires scopes: ["email","openid","https://www.googleapis.com/auth/cloudplatformprojects.readonly","https://www.googleapis.com/auth/firebase","https://www.googleapis.com/auth/cloud-platform"]
[debug] [2026-07-06T22:05:45.772Z] > authorizing via signed-in user (admin@hg2tecnologia.com.br)
[debug] [2026-07-06T22:05:45.773Z] Checked if tokens are valid: false, expires at: 1783187208461
[debug] [2026-07-06T22:05:45.773Z] Checked if tokens are valid: false, expires at: 1783187208461
[debug] [2026-07-06T22:05:45.773Z] > refreshing access token with scopes: []
[debug] [2026-07-06T22:05:45.774Z] >>> [apiv2][query] POST https://www.googleapis.com/oauth2/v3/token [none]
[debug] [2026-07-06T22:05:45.774Z] >>> [apiv2][body] POST https://www.googleapis.com/oauth2/v3/token [omitted]
[debug] [2026-07-06T22:05:46.064Z] <<< [apiv2][status] POST https://www.googleapis.com/oauth2/v3/token 400
[debug] [2026-07-06T22:05:46.065Z] <<< [apiv2][body] POST https://www.googleapis.com/oauth2/v3/token [omitted]
[error] Authentication Error: Your credentials are no longer valid. Please run firebase login --reauth

For CI servers and headless environments, generate a new token with firebase login:ci
[error] Authentication Error: Your credentials are no longer valid. Please run firebase login --reauth

For CI servers and headless environments, generate a new token with firebase login:ci
[debug] [2026-07-06T22:05:46.065Z] Authentication Error: Your credentials are no longer valid. Please run firebase login --reauth

For CI servers and headless environments, generate a new token with firebase login:ci
[debug] [2026-07-06T22:05:46.251Z] FirebaseError: Authentication Error: Your credentials are no longer valid. Please run firebase login --reauth

For CI servers and headless environments, generate a new token with firebase login:ci
    at invalidCredentialError (/Users/gabrielfornydesouzamuniz/.nvm/versions/node/v24.12.0/lib/node_modules/firebase-tools/lib/auth.js:177:12)
    at refreshTokens (/Users/gabrielfornydesouzamuniz/.nvm/versions/node/v24.12.0/lib/node_modules/firebase-tools/lib/auth.js:590:15)
    at process.processTicksAndRejections (node:internal/process/task_queues:103:5)
    at async getAccessToken (/Users/gabrielfornydesouzamuniz/.nvm/versions/node/v24.12.0/lib/node_modules/firebase-tools/lib/apiv2.js:52:18)
    at async Client.addAuthHeader (/Users/gabrielfornydesouzamuniz/.nvm/versions/node/v24.12.0/lib/node_modules/firebase-tools/lib/apiv2.js:182:21)
    at async Client.request (/Users/gabrielfornydesouzamuniz/.nvm/versions/node/v24.12.0/lib/node_modules/firebase-tools/lib/apiv2.js:129:34)
    at async getProjectPage (/Users/gabrielfornydesouzamuniz/.nvm/versions/node/v24.12.0/lib/node_modules/firebase-tools/lib/management/projects.js:287:17)
    at async getFirebaseProjectPage (/Users/gabrielfornydesouzamuniz/.nvm/versions/node/v24.12.0/lib/node_modules/firebase-tools/lib/management/projects.js:304:23)
    at async listFirebaseProjects (/Users/gabrielfornydesouzamuniz/.nvm/versions/node/v24.12.0/lib/node_modules/firebase-tools/lib/management/projects.js:333:29)
    at async Command.actionFn (/Users/gabrielfornydesouzamuniz/.nvm/versions/node/v24.12.0/lib/node_modules/firebase-tools/lib/commands/projects-list.js:51:20)
[error] 
[error] Error: Failed to list Firebase projects. See firebase-debug.log for more info.
